INTEGER test of DA, delete all
items: [[1]]
items: [0,1,2,3,4,5,15,11,10,6,16,20,19,12,21,24,14,25,7,26,8,22,18,13,23,9,17,[5]]
size is 27
items: [1,[0]]
size is 1
items: [1,0,1,10,2,3,11,4,14,5,6,7,13,15,22,18,12,17,8,25,20,19,26,21,23,16,9,24,[4]]
size is 28
items: [1,1,[2]]
size is 2
