INTEGER test of DA, random insertions and deletions
items: [[1]]
items: [1,5,[6]]
size is 2
items: [12,11,26,19,9,11,23,25,3,[23]]
size is 9
