INTEGER test of DA, delete all
items: [[1]]
items: [0,1,2,3,11,4,5,6,10,7,12,8,9,[3]]
size is 13
items: [1,[0]]
size is 1
items: [1,0,1,2,3,12,11,9,4,5,6,7,8,10,[2]]
size is 14
items: [1,0,[2]]
size is 2
