INTEGER test of DA, random insertions and deletions
items: [[1]]
items: [6,5,3,[5]]
size is 3
items: [2,6,1,10,3,3,3,[9]]
size is 7
