INTEGER test of DA, insertions and deletions at tail
items: [[1]]
items: [31,16,18,[5]]
size is 3
items: [31,16,18,3,29,11,32,22,23,5,[22]]
size is 10
