INTEGER test of DA, insertions at the tail
items: [[1]]
items: [13,8,8,3,12,18,14,7,17,11,0,8,5,16,17,14,13,13,19,16,5,[11]]
size is 21
items: [13,8,8,3,12,18,14,7,17,11,0,8,5,16,17,14,13,13,19,16,5,12,20,3,8,3,9,10,14,4,16,18,17,6,4,3,11,2,10,2,19,1,[22]]
size is 42
