INTEGER test of DA, random insertions
items: [[1]]
items: [15,1,6,1,0,15,17,14,14,10,11,11,15,12,15,10,13,0,[14]]
size is 18
items: [15,1,1,6,1,0,5,4,0,4,15,13,17,11,16,14,13,15,13,12,14,10,11,11,15,10,14,15,15,12,15,17,2,10,13,0,[28]]
size is 36
