INTEGER test of DA, unions
test size is 1474
p items: [[1]]
p items: [[1]]
p items: (displaying first and last 100 elements)
1003 548 428 734 767 404 796 815 704 226 246 1368 551 611 1244 976 5 1331 486 1141 1109 834 1027 468 265 919 996 332 1165 96 891 1025 840 617 1018 1334 1381 905 1116 940 927 263 1371 860 1468 1194 55 494 681 145 1335 40 1354 851 204 1115 716 1254 784 1024 274 339 640 1279 702 591 501 230 79 1033 741 478 1015 170 1280 103 1455 1303 855 1091 326 3 1243 18 1252 408 193 1116 1120 605 1412 1302 46 408 1231 193 568 677 732 1311 ... 815 1393 1274 701 829 1119 839 438 827 948 4 768 1421 515 768 1183 401 760 192 1292 596 746 1073 1009 27 489 602 1203 66 1210 1239 673 416 1307 562 982 1406 776 118 516 658 702 1418 1441 487 429 701 1394 820 347 217 730 549 144 295 855 348 871 63 1105 421 1004 136 1106 1132 591 1214 60 1006 103 448 1008 833 1177 21 263 499 794 1090 751 1419 607 945 1141 640 936 685 1113 313 204 177 734 912 435 1394 1056 754 816 1295 1161

q items: [[1]]
p size is 2948
q size is 0
p items: (displaying first and last 100 elements)
1003 131 175 548 555 428 595 734 378 767 0 404 796 284 815 336 704 1126 226 246 1368 1050 337 551 611 494 1373 1244 976 5 659 1331 486 867 1141 1330 1109 291 834 1027 468 108 265 1105 919 1112 996 1187 332 1165 96 1190 891 1025 840 671 1325 617 1018 365 1334 1381 560 1085 905 1116 940 927 1080 263 1371 860 1468 999 1194 55 1018 789 494 681 145 753 1335 40 108 1213 1397 36 1354 851 204 1115 716 1368 1254 784 1024 1348 1038 1018 ... 426 85 1293 729 1113 171 582 941 377 716 1298 264 767 542 260 688 1133 1163 1082 640 1417 273 1100 4 1440 746 1339 425 738 566 621 412 1297 259 362 979 987 206 942 7 543 574 421 393 1010 1402 705 892 1171 591 238 956 261 978 1134 107 1322 274 435 837 88 1395 685 936 670 1108 910 1458 653 177 396 809 1035 504 1349 599 1158 131 1231 335 1466 1249 869 744 586 1106 1455 1244 260 333 793 322 834 1443 23 1388 17 99 650 998

q items: [[1]]
p size is 5896
q size is 0
