INTEGER test of DA, delete all
items: [[1]]
items: [0,10,1,2,3,4,5,6,12,11,7,16,8,14,21,9,24,25,26,17,22,15,20,27,23,19,13,18,[4]]
size is 28
items: [1,[0]]
size is 1
items: [1,0,1,2,11,9,3,4,5,16,14,13,15,19,6,18,17,22,23,7,8,10,20,26,27,25,24,12,21,[3]]
size is 29
items: [1,1,[2]]
size is 2
