INTEGER test of DA, insertions at the tail
items: [[1]]
items: [20,23,11,5,12,16,15,9,21,27,22,6,1,1,0,9,21,8,20,15,18,21,20,3,17,22,20,20,[4]]
size is 28
items: [20,23,11,5,12,16,15,9,21,27,22,6,1,1,0,9,21,8,20,15,18,21,20,3,17,22,20,20,0,18,6,18,15,1,7,23,4,15,3,23,5,16,14,15,25,11,16,16,7,11,17,25,7,15,15,26,[8]]
size is 56
