INTEGER test of DA, random insertions and deletions
items: [[1]]
items: [14,0,10,18,8,5,11,[9]]
size is 7
items: [2,14,0,10,18,6,6,5,5,15,3,17,16,20,20,[17]]
size is 15
