INTEGER test of DA, insertions at the tail
items: [[1]]
items: [9,26,12,25,17,23,4,5,7,24,20,4,16,11,7,24,21,17,22,10,1,12,8,22,25,0,22,21,21,4,[2]]
size is 30
items: [9,26,12,25,17,23,4,5,7,24,20,4,16,11,7,24,21,17,22,10,1,12,8,22,25,0,22,21,21,4,11,7,24,20,21,10,26,20,23,4,13,26,0,28,3,12,15,1,28,10,14,4,12,20,22,16,13,3,14,20,[4]]
size is 60
