INTEGER test of DA, insertions and deletions at tail
items: [[1]]
items: [7,19,0,[5]]
size is 3
items: [7,19,0,0,11,6,[10]]
size is 6
