INTEGER test of DA, unions
test size is 1632
p items: [[1]]
p items: [[1]]
p items: (displaying first and last 100 elements)
235 650 969 538 735 982 169 952 1435 588 156 1502 906 1229 340 1560 1605 0 660 508 394 489 812 601 396 1059 1119 1411 530 433 1547 1099 957 453 1524 966 820 804 913 540 238 1171 640 1043 89 1603 831 199 1614 114 1334 1334 994 1514 1484 1217 1184 241 1308 108 1451 101 659 1583 143 1537 1559 1271 1072 1610 1464 711 660 519 313 192 855 469 1630 1019 1294 333 1298 439 1256 647 358 39 478 901 714 1113 947 1304 50 1584 1614 1131 883 789 ... 743 132 1625 453 27 1467 759 122 774 335 212 1121 1299 667 1236 305 336 1329 114 122 548 1105 1439 1124 204 1105 392 1086 1553 998 379 1442 1361 117 1350 694 495 1298 1126 964 307 1531 1105 1313 427 1200 1488 302 158 541 891 508 1079 1420 1255 82 812 572 98 206 1445 1255 1036 826 1158 16 835 133 535 764 540 849 943 818 1158 229 659 1028 178 1396 912 446 561 165 971 887 267 1043 680 29 908 1515 1088 880 877 257 1138 682 1455 1458

q items: [[1]]
p size is 3264
q size is 0
p items: (displaying first and last 100 elements)
235 650 969 326 538 735 982 169 1319 952 1435 588 156 1502 475 906 1229 340 1560 1605 0 660 508 252 394 489 812 601 396 1054 1059 1119 1411 1308 856 530 433 1547 1099 957 453 1524 966 820 1028 639 804 913 1599 540 238 1171 1312 640 1043 841 89 1603 831 460 1183 543 1611 199 726 195 709 1614 1336 114 1334 1334 994 1279 1514 1484 448 257 1217 1468 1184 241 1308 108 1451 904 101 659 317 1583 143 1537 1559 573 586 296 1271 1072 266 1610 ... 215 1545 297 1497 1498 922 478 1206 265 1278 489 87 218 523 477 841 192 324 575 1178 476 1368 57 843 1443 1180 195 1003 875 1107 1079 1239 719 726 70 25 781 509 573 383 679 59 821 8 414 279 930 998 1406 1518 1069 237 911 1152 910 546 1602 1439 34 834 1337 1567 619 1029 634 868 1270 111 185 787 576 942 506 103 1624 639 710 11 1077 1266 1016 1200 1284 1058 1605 976 980 521 1069 1564 468 948 105 1359 81 1035 952 198 1064 109

q items: [[1]]
p size is 6528
q size is 0
