INTEGER test of DA, random insertions and deletions
items: [[1]]
items: [9,5,[6]]
size is 2
items: [0,0,7,6,5,[11]]
size is 5
