INTEGER test of DA, random insertions
items: [[1]]
items: [2,5,14,4,0,3,7,4,6,12,8,12,14,8,0,[1]]
size is 15
items: [2,5,8,14,10,3,4,0,3,13,14,13,7,3,4,6,12,2,0,8,8,5,12,14,13,2,8,13,6,0,[2]]
size is 30
