INTEGER test of DA, delete all
items: [[1]]
items: [0,1,10,2,3,4,14,5,6,7,19,16,20,13,8,18,11,17,15,12,9,[11]]
size is 21
items: [1,[0]]
size is 1
items: [1,0,10,1,11,2,3,14,9,4,16,12,18,17,13,15,5,6,7,20,19,8,[10]]
size is 22
items: [1,1,[2]]
size is 2
