INTEGER test of DA, unions
test size is 1942
p items: [[1]]
p items: [[1]]
p items: (displaying first and last 100 elements)
262 331 1476 151 45 1303 1141 1312 1502 1842 719 216 1911 1701 1803 940 1727 820 347 35 415 72 1592 400 1477 1642 606 411 1238 437 772 177 1623 1236 289 367 1727 169 235 193 1370 117 1508 1717 1241 1107 995 1835 1204 1653 1279 256 1481 1586 833 1030 538 616 1734 1743 125 140 369 1714 1344 738 1432 479 544 1227 492 823 351 1300 1698 1786 717 1108 898 1368 750 59 232 113 959 118 396 1161 168 389 1502 1671 1682 1348 951 1082 1797 1441 931 1387 ... 1257 524 838 793 1144 1154 385 1518 1767 110 976 1766 1320 976 1076 1478 35 474 333 410 1825 1093 12 564 965 1074 1608 454 1427 1086 1718 331 1680 1929 1619 1617 55 1488 695 1388 1832 1334 84 1476 1679 662 45 843 1837 1180 1881 687 709 1127 1868 1027 1496 1589 1921 24 601 304 646 1112 1232 829 325 1619 278 817 773 1331 817 214 1624 1662 632 931 1915 1157 671 69 331 1788 0 310 326 679 1280 1355 1841 1155 1734 1571 1706 1490 274 1122 954 468

q items: [[1]]
p size is 3884
q size is 0
p items: (displaying first and last 100 elements)
1002 262 331 1476 151 45 1303 1789 1781 1594 1141 992 1289 1312 1502 1842 719 216 1911 1701 1803 1732 940 333 1727 1041 820 711 347 35 415 72 229 1592 1092 400 996 1477 1642 606 411 193 1238 437 772 177 1129 371 708 1623 1236 289 1120 367 1727 1234 1369 169 235 193 1370 117 1508 1717 1241 1412 615 1107 995 132 441 1835 1021 1204 1007 1840 1653 1279 256 459 1481 1586 833 1030 538 616 633 1734 1743 125 140 369 1714 9 1344 738 1432 1634 479 544 ... 627 1818 55 7 470 1165 1204 1848 503 1518 1489 730 628 39 928 1413 1385 415 799 250 1812 163 589 177 916 1111 78 1080 78 45 121 1338 1472 1610 491 618 699 430 1934 1352 127 1573 675 8 12 1435 1623 1631 1459 1504 413 92 1534 671 718 1092 1226 1329 1489 497 335 893 129 1938 1509 438 1577 1889 1574 415 380 1793 1171 1196 560 1396 681 201 913 1581 1041 1223 365 1210 888 1760 1041 311 930 549 112 793 1866 1629 332 252 74 1514 88 546

q items: [[1]]
p size is 7768
q size is 0
