INTEGER test of DA, insertions at the tail
items: [[1]]
items: [9,8,11,12,11,2,13,14,11,5,3,8,2,8,8,[1]]
size is 15
items: [9,8,11,12,11,2,13,14,11,5,3,8,2,8,8,12,4,5,11,10,7,9,5,2,8,13,14,5,7,5,[2]]
size is 30
