INTEGER test of DA, random insertions and deletions
items: [[1]]
items: [19,5,12,12,19,10,1,6,[24]]
size is 8
items: [19,2,6,0,17,14,5,10,7,10,17,1,[20]]
size is 12
