INTEGER test of DA, insertions and deletions at tail
items: [[1]]
items: [17,1,4,15,1,[11]]
size is 5
items: [17,1,4,15,1,11,3,16,7,9,[22]]
size is 10
