INTEGER test of DA, delete all
items: [[1]]
items: [0,1,2,3,4,5,12,6,7,11,8,9,10,[3]]
size is 13
items: [1,[0]]
size is 1
items: [1,0,1,2,12,3,4,10,5,6,11,7,9,8,[2]]
size is 14
items: [1,1,[2]]
size is 2
