INTEGER test of DA, unions
test size is 2037
p items: [[1]]
p items: [[1]]
p items: (displaying first and last 100 elements)
1322 1904 245 882 1725 677 1004 567 895 1051 1538 1363 1577 65 38 1584 1778 1639 705 215 349 576 275 1678 47 480 1400 160 1561 438 1602 837 1185 1450 242 712 1740 839 7 738 343 72 1499 1353 760 591 324 878 393 279 1082 504 864 895 1583 503 1974 69 1458 25 2003 683 1011 25 1798 989 1548 970 1567 509 956 1157 1195 129 1268 572 1775 1550 939 1253 539 1083 205 1886 458 632 1317 1709 194 1762 602 833 1387 1757 136 397 934 73 770 1896 ... 1059 94 1198 693 1391 1856 926 869 1533 1353 350 1776 1118 141 845 1514 1988 1365 523 1022 250 678 1740 678 1266 1009 1636 826 525 696 1710 30 1951 1272 1471 232 566 1605 624 480 290 193 1709 56 1388 1756 682 939 100 1724 1817 332 1330 467 1798 1650 132 1993 57 370 431 719 982 449 749 1222 261 1085 1247 805 1522 844 273 853 1535 1551 1561 794 1986 1247 1991 2017 1881 1701 526 81 846 559 641 461 374 1576 1991 205 995 1037 1925 621 1469 1822

q items: [[1]]
p size is 4074
q size is 0
p items: (displaying first and last 100 elements)
1322 754 1904 245 835 949 882 48 470 1725 677 1004 567 895 124 1051 1538 1363 1577 65 38 1584 1778 1310 652 1639 55 705 215 349 576 586 275 1678 47 480 1356 1400 187 1754 160 1561 438 1602 837 1185 1450 1481 1297 242 712 1740 513 839 7 738 343 72 1499 699 1353 164 760 591 1746 324 878 197 393 165 1511 943 1028 279 1082 504 864 895 74 1583 503 1974 69 1458 25 2003 683 1011 25 481 140 1798 989 970 1349 201 1548 970 1567 299 ... 953 995 408 1032 156 1577 1881 249 2018 1635 1066 1761 902 952 1279 707 1320 199 465 1997 1203 120 1161 1943 803 1725 1185 1654 1804 149 58 305 1709 1364 866 200 983 914 1655 750 1862 513 1363 1502 212 1106 1131 1334 1298 1691 62 1185 253 379 942 1136 39 1050 1738 1296 748 1695 1726 461 1908 2005 324 1352 1083 1012 498 1457 269 1450 374 1888 331 989 169 863 1482 553 741 230 845 486 701 800 714 1954 196 426 2022 432 1737 1392 1242 14 914 255

q items: [[1]]
p size is 8148
q size is 0
