INTEGER test of DA, delete all
items: [[1]]
items: [0,1,2,10,3,11,4,13,12,5,14,20,6,16,23,7,21,8,26,9,19,25,17,18,15,24,22,27,[4]]
size is 28
items: [1,[0]]
size is 1
items: [1,0,1,2,3,4,5,14,6,12,7,15,8,11,13,10,21,22,25,18,20,17,19,16,23,26,27,24,9,[3]]
size is 29
items: [1,1,[2]]
size is 2
