INTEGER test of DA, delete all
items: [[1]]
items: (displaying first and last 100 elements)
0 1 2 3 4 5 12 6 7 15 18 13 8 16 19 10 17 25 11 26 27 24 30 14 9 33 31 21 23 38 36 35 37 28 20 44 34 43 32 22 48 29 50 51 46 52 45 42 49 47 55 41 54 40 53 58 59 57 67 61 63 65 60 56 39 66 72 64 68 77 78 79 81 82 73 75 71 86 69 80 74 70 88 85 62 90 93 95 94 98 83 92 76 102 103 89 87 99 104 96 ... 958 951 957 948 963 961 959 962 966 955 956 950 954 967 941 971 972 976 977 978 969 975 973 980 970 965 984 983 960 985 982 989 968 974 964 987 993 996 995 992 994 991 1001 1002 1003 979 997 988 998 1004 1006 1007 981 1009 1010 990 1012 1014 999 1017 1016 1015 1020 1005 1022 986 1008 1000 1013 1023 1021 1029 1026 1032 1025 1011 1019 1018 1027 1030 1037 1033 1036 1041 1039 1044 1035 1042 1040 1047 1028 1031 1045 1043 1048 1024 1034 1049 1038 1046

size is 1050
items: [1,[0]]
size is 1
items: (displaying first and last 100 elements)
1 0 1 10 2 12 14 9 16 3 4 5 13 11 17 15 18 24 22 6 21 27 19 23 25 32 28 35 20 37 29 7 36 38 42 39 33 40 46 47 34 43 41 8 48 53 52 51 55 30 49 59 58 61 60 26 50 31 63 65 66 57 64 68 72 73 74 75 54 56 67 69 71 79 44 62 76 82 80 83 87 45 90 84 86 81 88 70 95 89 77 97 92 99 93 91 98 78 101 85 ... 954 956 952 950 947 960 942 964 966 926 967 963 968 961 972 974 962 976 959 965 973 980 981 982 971 970 978 984 985 975 977 990 983 988 987 986 995 989 996 969 998 994 997 999 1003 1004 948 993 979 991 958 1001 1000 1006 1008 1014 1015 992 1005 1002 1011 1019 1010 1018 1021 1013 1025 1012 1027 1017 1016 1007 1031 1028 1009 1022 1033 1030 1036 1020 1032 1035 1041 1037 1038 1043 1042 1046 1040 1024 1047 1045 1049 1039 1044 1026 1023 1029 1048 1034

size is 1051
items: [1,1,[2]]
size is 2
