INTEGER test of DA, unions
test size is 1681
p items: [[1]]
p items: [[1]]
p items: (displaying first and last 100 elements)
994 1455 483 898 721 627 1387 455 1510 1047 1360 880 1482 1218 1597 702 144 1445 186 1679 423 1512 1245 920 1643 218 27 1217 149 1475 973 361 23 866 1024 861 1517 549 501 533 9 831 1442 546 1666 1383 1272 1078 407 1220 1205 691 595 845 76 278 619 1512 1273 1471 1582 135 1401 707 842 868 814 367 246 482 534 441 1477 172 908 166 236 1139 574 525 885 938 39 685 714 668 1115 853 178 1104 434 806 364 1019 1213 1429 51 1613 1454 1209 ... 1362 840 1104 783 708 1270 706 900 1026 1178 771 524 1543 1529 1197 1140 1061 174 1051 647 377 1332 1359 1420 1552 1555 1172 822 989 725 224 867 1532 1311 708 552 1201 788 963 828 645 269 549 576 606 1606 1654 1145 800 1257 1031 1343 481 1007 1381 1477 496 723 63 1232 870 207 1385 893 1496 337 1265 240 1299 1618 847 754 664 1154 474 1674 655 57 1600 1363 985 165 287 25 1496 1253 1004 1642 817 679 1498 695 577 668 1238 992 1637 1195 611 239

q items: [[1]]
p size is 3362
q size is 0
p items: (displaying first and last 100 elements)
728 994 300 1174 1455 483 898 1095 721 627 1387 455 279 1510 926 195 1250 1419 1047 1360 446 880 270 1482 1218 1597 702 144 1445 186 1679 1166 423 1512 1245 920 189 1643 1130 1155 312 161 218 27 1217 1244 149 1475 973 361 23 866 1024 861 1517 1468 1051 549 501 533 9 1624 831 1442 826 546 1666 1383 1272 1078 1017 407 1220 1205 691 595 845 76 278 619 1512 1273 1471 1582 135 1401 707 597 1249 510 842 868 814 362 367 246 811 1479 482 534 ... 248 490 145 988 452 148 190 373 1618 777 794 294 774 178 979 1320 1031 980 765 1199 703 370 1290 457 61 354 1250 1015 153 224 1673 1666 1341 741 1577 1300 1179 1121 211 778 182 1655 355 836 614 944 1009 1521 1460 835 1368 709 945 143 20 260 1305 145 205 1328 623 536 313 1229 110 29 1529 435 1370 703 941 487 1644 278 116 885 983 519 31 388 356 593 1521 127 117 385 290 358 1219 114 269 309 468 388 212 915 1347 1018 1591 1643

q items: [[1]]
p size is 6724
q size is 0
