INTEGER test of DA, random insertions and deletions
items: [[1]]
items: [23,9,3,18,6,15,4,2,[24]]
size is 8
items: [2,9,20,9,8,0,3,10,15,6,7,8,20,6,2,16,15,[15]]
size is 17
