INTEGER test of DA, unions
test size is 1572
p items: [[1]]
p items: [[1]]
p items: (displaying first and last 100 elements)
1426 840 1346 1500 134 1028 1432 543 1185 1538 419 1387 1086 343 152 1304 221 612 54 651 652 1540 1322 946 1544 461 353 1431 1069 464 137 167 1380 140 1307 838 906 233 101 1537 1550 366 54 1326 1325 427 69 489 504 946 1024 1275 1350 590 1564 202 895 1301 1487 1502 141 749 743 251 359 793 20 1130 480 846 419 1396 565 1470 354 406 268 19 1128 429 191 928 1192 1352 1429 1173 1129 891 1205 912 448 1051 303 1212 17 577 393 1457 1289 1463 ... 1029 752 898 972 1344 474 527 904 1528 1287 467 825 297 125 147 571 651 165 812 598 1541 920 343 413 551 421 1439 322 19 80 1130 1143 1235 301 975 655 297 329 630 985 550 1527 263 915 258 815 1558 1239 859 854 226 287 293 584 1352 941 317 428 141 837 1177 333 685 60 1486 1378 1413 386 733 480 1200 1413 1361 1047 15 637 297 491 1373 1051 917 1511 1094 1233 994 426 1099 432 166 80 1554 576 677 310 737 476 1145 293 664 872

q items: [[1]]
p size is 3144
q size is 0
p items: (displaying first and last 100 elements)
1426 956 1332 1174 700 108 840 782 1346 1500 948 409 134 1028 1432 29 419 543 456 1185 1538 814 1363 419 1387 1086 1061 343 152 1304 221 612 731 54 424 651 652 1356 1540 1322 946 654 1544 514 107 461 353 255 1431 1069 464 1428 137 167 1167 1380 140 1307 838 748 906 134 233 101 793 1537 1550 608 366 54 1326 1325 427 504 69 489 504 946 1024 1275 1350 590 1564 1099 202 895 1301 358 435 1487 1502 95 141 749 743 251 359 793 20 1130 ... 84 480 1386 1150 1053 549 131 718 192 1472 591 443 140 14 78 610 1125 94 335 1344 236 966 556 905 663 1014 1031 489 1432 163 808 774 926 1016 533 311 1317 651 1432 671 846 1337 599 339 1408 1294 805 54 254 141 1357 620 435 1419 740 708 1481 588 903 414 522 836 419 124 386 310 1243 780 1524 1413 1222 987 840 629 104 775 1034 137 1356 1006 758 1225 240 657 1394 232 536 926 104 753 1503 329 122 1390 1563 693 1035 270 132 1498

q items: [[1]]
p size is 6288
q size is 0
