INTEGER test of DA, delete all
items: [[1]]
items: [0,10,1,2,13,3,14,4,5,6,7,17,18,8,21,19,25,16,23,22,15,9,26,24,28,34,20,31,33,29,32,12,27,11,30,[29]]
size is 35
items: [1,[0]]
size is 1
items: [1,0,1,2,3,4,9,15,10,11,13,5,6,7,20,19,12,24,21,17,8,27,18,22,26,25,31,23,32,16,34,14,29,30,33,28,[28]]
size is 36
items: [1,1,[2]]
size is 2
