INTEGER test of DA, unions
test size is 1820
p items: [[1]]
p items: [[1]]
p items: (displaying first and last 100 elements)
1393 637 896 1000 1431 14 1723 728 546 411 1673 1642 87 1545 289 143 1787 1175 856 1171 982 252 1582 504 956 1056 227 190 179 1494 1521 1519 750 1620 1097 1013 565 210 70 1044 465 458 1327 730 339 520 836 1677 449 368 1239 886 582 945 535 811 997 248 1700 1079 438 211 479 785 336 398 1460 1255 188 1468 890 1061 952 279 1274 1050 666 753 1770 1398 858 179 1600 530 861 1412 1497 840 968 550 447 516 798 443 664 1748 1530 89 1195 836 ... 1170 1070 186 1441 332 181 201 1253 891 1195 1029 65 309 436 1618 574 411 261 1344 1649 479 1425 142 1611 420 494 335 1673 1801 337 1733 693 375 1026 565 1013 1440 683 1775 835 1322 1524 99 1729 1777 593 1594 1252 963 1755 857 1441 1467 984 1234 606 1065 1120 828 1432 526 1672 40 1573 334 228 760 449 1167 988 1550 1795 625 685 287 1333 1322 988 553 426 1033 896 1537 644 408 607 254 1380 1406 1727 1249 1689 1144 535 648 902 213 863 1404 162

q items: [[1]]
p size is 3640
q size is 0
p items: (displaying first and last 100 elements)
1393 637 495 896 1000 1431 14 1723 728 546 94 411 1355 1673 1642 271 87 851 1545 289 143 824 1787 1030 513 1175 1764 856 1171 982 252 1582 1633 593 504 791 956 1064 1056 227 232 1426 1586 190 179 1494 1521 1519 1342 750 1620 1097 1013 565 1340 210 70 1044 465 458 112 256 1327 730 339 520 1800 836 24 1677 1076 1662 449 1266 368 1615 1239 886 582 888 945 535 145 811 997 248 1306 1012 46 1700 1079 438 211 364 1193 479 1552 1038 785 336 ... 832 1159 1494 1174 1536 1260 823 380 1527 790 86 1598 858 319 169 1213 93 1797 446 500 528 1131 139 90 340 373 1532 1390 604 1623 292 560 152 1284 966 1094 237 148 1278 1072 1818 1020 21 946 1242 223 1063 1423 1802 581 660 811 353 193 929 117 1183 626 1627 423 1782 1320 943 1709 150 1796 1427 502 201 1429 259 712 57 955 944 1558 1608 458 812 1293 1573 1080 951 1455 1731 184 888 1361 121 1327 1804 1093 951 613 564 1523 344 1618 227 960

q items: [[1]]
p size is 7280
q size is 0
