INTEGER test of DA, insertions at the tail
items: [[1]]
items: [17,15,9,12,3,0,3,8,16,13,8,0,6,10,10,8,3,5,[14]]
size is 18
items: [17,15,9,12,3,0,3,8,16,13,8,0,6,10,10,8,3,5,15,9,0,13,0,17,9,1,9,15,15,3,17,14,13,11,15,9,[28]]
size is 36
