INTEGER test of DA, random insertions
items: [[1]]
items: [8,21,8,22,24,9,4,6,13,21,24,11,23,22,12,10,22,24,2,6,0,0,2,5,15,[7]]
size is 25
items: [8,20,21,21,8,8,22,9,14,24,8,15,9,4,6,11,15,24,6,7,17,13,21,24,11,6,23,22,12,10,22,24,21,9,2,6,0,22,8,8,10,0,10,11,2,5,7,17,15,18,[14]]
size is 50
