INTEGER test of DA, random insertions
items: [[1]]
items: [12,10,21,28,10,24,21,2,31,17,12,20,27,8,20,13,29,25,16,29,0,9,23,13,11,14,19,23,17,6,1,29,[0]]
size is 32
items: [12,10,16,4,25,21,21,28,11,10,24,10,1,21,2,31,17,12,14,20,19,27,29,8,20,13,1,7,29,29,25,20,10,18,23,31,0,16,15,29,0,28,1,9,23,7,29,13,29,11,14,19,11,13,31,23,31,17,6,10,1,3,1,29,[0]]
size is 64
