INTEGER test of DA, insertions at the tail
items: [[1]]
items: [10,9,3,10,2,11,4,10,7,0,9,7,13,10,[2]]
size is 14
items: [10,9,3,10,2,11,4,10,7,0,9,7,13,10,4,11,4,7,13,0,5,12,4,1,13,4,12,3,[4]]
size is 28
