INTEGER test of DA, unions
test size is 1815
p items: [[1]]
p items: [[1]]
p items: (displaying first and last 100 elements)
200 1680 1612 1769 121 1805 870 514 1758 1331 277 327 791 1553 880 805 593 435 1247 1690 1170 915 1505 847 840 410 533 61 1171 1004 157 1120 407 253 1594 691 1387 1127 308 1755 785 65 1494 1088 911 1631 1655 682 202 309 443 415 328 799 493 151 1639 648 681 1691 1525 973 724 1152 1800 237 1794 1455 1563 1205 961 460 1476 1667 1263 226 111 249 275 792 1509 1108 818 1668 93 824 1557 514 1010 362 1236 845 268 696 1154 243 1440 1238 36 1456 ... 802 1228 1750 621 1092 947 969 536 1234 1276 496 80 17 12 20 145 969 1524 1618 1501 1334 444 414 1237 777 1416 600 941 363 201 1377 793 165 1471 1657 1730 1075 1047 677 1518 1541 933 24 692 1008 177 366 981 553 1458 217 362 1192 1649 317 519 1747 1146 1100 1081 773 1592 839 1150 413 1614 1039 1671 1804 898 569 982 1280 649 1403 438 322 712 1704 1058 1114 357 38 785 730 1287 232 318 618 1240 1718 1770 269 94 7 116 1630 1124 920 176

q items: [[1]]
p size is 3630
q size is 0
p items: (displaying first and last 100 elements)
200 1690 1769 1680 1612 1709 1769 411 121 148 1805 870 514 1758 1331 277 327 1168 791 1019 1553 880 1475 805 415 593 1467 292 435 1247 1690 1673 903 969 1170 915 1810 1133 1233 1505 847 1484 840 410 573 533 1222 61 1171 1004 361 1034 395 157 1120 86 407 253 1594 1447 691 1510 1387 1127 1453 308 1755 1773 785 65 1222 1494 644 1088 911 197 1631 1655 682 202 309 443 415 328 799 493 626 1393 1268 925 980 151 1639 1218 648 681 1691 1525 973 724 ... 1339 386 1585 46 1672 1776 974 1791 1406 1193 1711 803 1577 1772 1103 511 1676 304 1664 1030 1450 442 164 789 790 275 455 413 558 583 227 639 1196 716 568 60 1320 807 1704 1291 1315 1249 1114 803 297 903 1430 542 1118 1311 30 442 1383 696 388 287 500 1734 472 262 1095 469 685 1755 1514 1216 816 1449 1127 1560 1363 1392 1075 600 1479 370 657 256 930 182 624 1086 1344 957 306 21 1552 343 621 803 260 979 1082 666 1391 1060 697 1525 1435 347

q items: [[1]]
p size is 7260
q size is 0
