INTEGER test of DA, delete all
items: [[1]]
items: [0,1,2,10,3,12,15,4,11,5,14,6,16,13,22,19,17,20,21,18,7,30,25,23,31,8,29,9,24,32,27,28,26,[31]]
size is 33
items: [1,[0]]
size is 1
items: [1,0,1,2,3,4,5,12,6,11,7,18,9,19,14,13,17,25,22,27,26,15,20,8,29,16,32,31,10,24,23,28,21,30,[30]]
size is 34
items: [1,1,[2]]
size is 2
