INTEGER test of DA, random insertions and deletions
items: [[1]]
items: [11,1,20,9,11,14,15,21,21,15,7,[21]]
size is 11
items: [8,16,3,9,0,23,11,1,17,20,10,21,21,15,14,7,17,3,17,9,[44]]
size is 20
