INTEGER test of DA, random insertions and deletions
items: [[1]]
items: [12,18,9,15,9,10,5,[9]]
size is 7
items: [4,12,17,18,3,6,15,1,17,13,8,1,[20]]
size is 12
