INTEGER test of DA, insertions and deletions at tail
items: [[1]]
items: [4,8,17,1,18,[11]]
size is 5
items: [4,8,17,1,18,11,7,10,6,8,3,6,16,[19]]
size is 13
