INTEGER test of DA, unions
test size is 1347
p items: [[1]]
p items: [[1]]
p items: (displaying first and last 100 elements)
1288 1298 725 942 836 4 530 187 1072 1117 347 351 250 606 885 725 945 1010 171 419 538 410 187 658 453 680 433 131 1088 927 1299 41 452 1186 88 380 301 1230 1201 149 813 134 1171 440 1112 339 776 1170 738 745 511 644 1215 469 16 1105 501 1145 1327 530 295 651 938 336 1077 658 379 1023 1071 1264 543 412 563 142 673 168 146 26 1049 1003 930 930 342 942 900 1028 618 1081 375 1192 579 245 1304 1192 957 766 1103 958 1264 610 ... 150 156 392 1269 420 23 75 413 536 1066 270 70 365 865 731 1134 516 1313 1048 618 239 1309 431 71 673 247 127 196 309 1139 1147 1251 1083 425 126 1016 297 573 792 288 509 760 1164 485 517 1015 891 563 240 1099 577 864 1254 87 1264 288 702 741 1055 411 972 147 686 1024 1335 1346 864 54 888 1021 18 686 970 21 738 326 538 93 262 920 1015 928 138 1285 1335 1184 249 627 186 888 37 705 1233 1129 306 398 212 287 1228 867

q items: [[1]]
p size is 2694
q size is 0
p items: (displaying first and last 100 elements)
1288 445 1298 725 942 836 4 1142 1066 530 187 1072 1117 347 351 250 606 777 885 725 945 1010 171 1239 419 538 410 990 707 187 745 812 658 1231 453 1228 680 433 131 342 1259 328 869 1088 927 108 445 1299 41 452 1305 1186 88 655 1203 380 301 1230 1201 756 149 813 134 987 1171 440 199 1077 1112 1344 339 776 1170 738 1044 745 511 775 644 1215 469 16 1105 501 1145 1132 1327 530 265 295 378 970 651 938 336 1077 658 379 744 807 ... 1262 1294 441 492 1114 390 1014 123 64 996 711 656 433 924 962 2 575 441 905 1029 1316 1234 154 161 903 253 852 658 1224 789 1173 1269 1127 160 1251 242 784 239 370 799 311 1319 26 929 884 693 248 865 507 450 701 642 1204 96 28 335 547 1091 1186 971 392 578 87 452 807 230 944 1182 991 1056 97 370 164 766 950 980 743 370 841 1208 824 237 183 453 918 816 215 1029 867 1264 1239 454 179 650 47 1224 332 754 572 779

q items: [[1]]
p size is 5388
q size is 0
