INTEGER test of DA, insertions at the tail
items: [[1]]
items: [24,8,8,26,22,11,10,20,17,12,0,12,22,7,24,23,24,10,14,4,7,7,25,6,1,8,8,[5]]
size is 27
items: [24,8,8,26,22,11,10,20,17,12,0,12,22,7,24,23,24,10,14,4,7,7,25,6,1,8,8,26,19,13,21,11,4,2,26,5,0,24,18,20,26,0,26,26,22,23,1,24,8,12,11,13,7,0,[10]]
size is 54
