INTEGER test of DA, random insertions
items: [[1]]
items: [0,9,1,5,1,4,20,14,2,16,16,12,19,9,15,18,2,4,19,10,10,14,[10]]
size is 22
items: [20,0,19,10,9,5,1,8,1,5,5,1,4,8,20,2,14,2,2,16,7,3,16,12,19,14,18,9,15,19,18,8,2,4,3,2,19,16,14,10,10,6,15,14,[20]]
size is 44
