INTEGER test of DA, delete all
items: [[1]]
items: [0,1,2,10,3,4,5,6,14,18,13,7,17,20,8,15,23,22,27,25,29,12,26,19,30,28,9,21,11,16,24,[1]]
size is 31
items: [1,[0]]
size is 1
items: [1,0,1,2,10,3,4,11,5,6,13,15,19,16,14,21,7,18,25,24,28,29,23,17,20,30,9,26,22,8,12,27,[0]]
size is 32
items: [1,1,[2]]
size is 2
