INTEGER test of DA, random insertions and deletions
items: [[1]]
items: [13,14,7,14,13,10,[10]]
size is 6
items: [11,2,14,10,7,14,4,8,2,10,5,6,3,[19]]
size is 13
