INTEGER test of DA, unions
test size is 1640
p items: [[1]]
p items: [[1]]
p items: (displaying first and last 100 elements)
763 472 1060 503 515 1623 1522 1130 167 318 1317 540 359 1071 299 1109 1378 1157 1177 21 865 222 260 1452 535 198 1526 567 1464 698 157 987 557 1053 39 145 459 576 490 933 1496 374 1218 285 538 423 1076 1125 413 292 1062 973 733 880 486 995 1355 1345 397 1380 559 1423 1281 438 1126 69 1332 1533 1123 826 818 1453 1065 93 74 269 582 297 1242 362 753 1280 1605 1430 1452 832 1463 935 1251 1155 324 30 1435 436 128 1554 1209 255 1329 234 ... 726 993 1348 1519 576 778 840 665 1529 770 1111 804 554 323 1012 707 905 340 297 1016 614 656 878 1429 687 917 1537 1409 1161 261 1209 711 46 732 1560 413 783 527 1025 138 1362 498 1134 372 709 1223 1001 896 772 1005 1363 99 654 814 909 1612 1591 467 596 488 1454 336 946 756 792 41 333 418 853 70 224 498 578 677 771 1135 1393 764 118 265 796 1197 521 1162 736 1379 488 1460 543 777 1602 515 403 361 1068 1518 903 285 15 611

q items: [[1]]
p size is 3280
q size is 0
p items: (displaying first and last 100 elements)
1264 484 763 1017 472 1060 503 515 1623 658 1522 788 1130 963 167 1140 318 260 433 928 1317 540 359 212 458 1071 1164 299 1109 1566 1378 1157 946 1177 21 865 222 260 1452 535 198 1526 567 1464 1207 575 698 157 987 113 924 885 134 557 1053 39 145 1638 459 576 490 933 1068 1496 374 1218 285 538 423 1076 1125 413 292 1062 1323 973 733 880 198 863 934 486 995 1355 1345 397 801 1380 559 1423 1281 438 1126 69 119 1332 1533 1123 1274 826 ... 345 1269 345 824 40 713 1434 701 507 1406 1062 1472 910 376 729 1533 1111 1415 1363 794 361 851 861 697 693 642 90 288 1312 491 778 1401 575 1235 1265 819 498 811 120 158 1451 577 937 889 339 1206 1143 1189 1618 1560 1509 951 1323 991 104 933 0 623 653 1103 730 25 469 578 1138 481 683 940 181 398 1394 29 162 807 1618 62 958 782 688 1198 950 1251 685 816 1271 603 230 572 1248 851 954 786 35 1301 453 329 695 169 305 653

q items: [[1]]
p size is 6560
q size is 0
