INTEGER test of DA, insertions at the tail
items: [[1]]
items: [13,12,1,4,11,6,10,11,14,1,1,0,2,7,6,3,15,[15]]
size is 17
items: [13,12,1,4,11,6,10,11,14,1,1,0,2,7,6,3,15,9,9,11,11,3,11,16,3,5,15,7,8,3,7,7,5,4,[30]]
size is 34
